<!DOCTYPE html><html lang="en"><head><meta charset="utf-8"><meta name="viewport" content="width=device-width, initial-scale=1.0"><meta name="generator" content="rustdoc"><meta name="description" content="黄金分割をする関数 `golden_sect` を提供します。すべての整数型、浮動小数点型に実装されています。"><title>Golden in gss - Rust</title><link rel="preload" as="font" type="font/woff2" crossorigin href="../static.files/SourceSerif4-Regular-46f98efaafac5295.ttf.woff2"><link rel="preload" as="font" type="font/woff2" crossorigin href="../static.files/FiraSans-Regular-018c141bf0843ffd.woff2"><link rel="preload" as="font" type="font/woff2" crossorigin href="../static.files/FiraSans-Medium-8f9a781e4970d388.woff2"><link rel="preload" as="font" type="font/woff2" crossorigin href="../static.files/SourceCodePro-Regular-562dcc5011b6de7d.ttf.woff2"><link rel="preload" as="font" type="font/woff2" crossorigin href="../static.files/SourceSerif4-Bold-a2c9cd1067f8b328.ttf.woff2"><link rel="preload" as="font" type="font/woff2" crossorigin href="../static.files/SourceCodePro-Semibold-d899c5a5c4aeb14a.ttf.woff2"><link rel="stylesheet" href="../static.files/normalize-76eba96aa4d2e634.css"><link rel="stylesheet" href="../static.files/rustdoc-c4dbdcde0fbd8430.css" id="mainThemeStyle"><link rel="stylesheet" id="themeStyle" href="../static.files/light-db279b6232be9c13.css"><link rel="stylesheet" disabled href="../static.files/dark-cf923f49f397b216.css"><link rel="stylesheet" disabled href="../static.files/ayu-be46fdc453a55015.css"><script src="../static.files/storage-3891ce972e3a2bf8.js"></script><script defer src="sidebar-items.js"></script><script defer src="../static.files/main-98a684e84ae5b08b.js"></script><noscript><link rel="stylesheet" href="../static.files/noscript-13285aec31fa243e.css"></noscript><link rel="alternate icon" type="image/png" href="../static.files/favicon-16x16-8b506e7a72182f1c.png"><link rel="alternate icon" type="image/png" href="../static.files/favicon-32x32-422f7d1d52889060.png"><link rel="icon" type="image/svg+xml" href="../static.files/favicon-2c020d218678b618.svg"><link rel="stylesheet" href="https://cdn.jsdelivr.net/npm/katex@0.12.0/dist/katex.min.css"
    integrity="sha384-AfEj0r4/OFrOo5t7NnNe46zW/tFgW6x/bCJG8FqQCEo3+Aro6EYUG4+cU+KJWu/X" crossorigin="anonymous">
<script defer src="https://cdn.jsdelivr.net/npm/katex@0.12.0/dist/katex.min.js"
    integrity="sha384-g7c+Jr9ZivxKLnZTDUhnkOnsh30B4H0rpLUpJ4jAIKs4fnJI+sEnkvrMWph2EDg4"
    crossorigin="anonymous"></script>
<script defer src="https://cdn.jsdelivr.net/npm/katex@0.12.0/dist/contrib/auto-render.min.js"
    integrity="sha384-mll67QQFJfxn0IYznZYonOWZ644AWYC+Pt2cHqMaRhXVrursRwvLnLaebdGIlYNa"
    crossorigin="anonymous"></script>
<script>
    document.addEventListener("DOMContentLoaded", function () {
        renderMathInElement(document.body, {
            delimiters: [
                {left: "$$", right: "$$", display: true},
                {left: "$", right: "$", display: false}
            ]
        });
    });
</script>

</head><body class="rustdoc trait"><!--[if lte IE 11]><div class="warning">This old browser is unsupported and will most likely display funky things.</div><![endif]--><nav class="mobile-topbar"><button class="sidebar-menu-toggle">&#9776;</button><a class="logo-container" href="../gss/index.html"><img class="rust-logo" src="../static.files/rust-logo-151179464ae7ed46.svg" alt="logo"></a><h2></h2></nav><nav class="sidebar"><a class="logo-container" href="../gss/index.html"><img class="rust-logo" src="../static.files/rust-logo-151179464ae7ed46.svg" alt="logo"></a><h2 class="location"><a href="#">Golden</a></h2><div class="sidebar-elems"><section><h3><a href="#required-methods">Required Methods</a></h3><ul class="block"><li><a href="#tymethod.golden_sect">golden_sect</a></li></ul><h3><a href="#foreign-impls">Implementations on Foreign Types</a></h3><ul class="block"><li><a href="#impl-Golden-for-f32">f32</a></li><li><a href="#impl-Golden-for-f64">f64</a></li><li><a href="#impl-Golden-for-i128">i128</a></li><li><a href="#impl-Golden-for-i16">i16</a></li><li><a href="#impl-Golden-for-i32">i32</a></li><li><a href="#impl-Golden-for-i64">i64</a></li><li><a href="#impl-Golden-for-i8">i8</a></li><li><a href="#impl-Golden-for-isize">isize</a></li><li><a href="#impl-Golden-for-u128">u128</a></li><li><a href="#impl-Golden-for-u16">u16</a></li><li><a href="#impl-Golden-for-u32">u32</a></li><li><a href="#impl-Golden-for-u64">u64</a></li><li><a href="#impl-Golden-for-u8">u8</a></li><li><a href="#impl-Golden-for-usize">usize</a></li></ul><h3><a href="#implementors">Implementors</a></h3></section><h2><a href="index.html">In gss</a></h2></div></nav><main><div class="width-limiter"><nav class="sub"><form class="search-form"><span></span><input class="search-input" name="search" aria-label="Run search in the documentation" autocomplete="off" spellcheck="false" placeholder="Click or press ‘S’ to search, ‘?’ for more options…" type="search"><div id="help-button" title="help" tabindex="-1"><a href="../help.html">?</a></div><div id="settings-menu" tabindex="-1"><a href="../settings.html" title="settings"><img width="22" height="22" alt="Change settings" src="../static.files/wheel-7b819b6101059cd0.svg"></a></div></form></nav><section id="main-content" class="content"><div class="main-heading"><h1>Trait <a href="index.html">gss</a>::<wbr><a class="trait" href="#">Golden</a><button id="copy-path" title="Copy item path to clipboard"><img src="../static.files/clipboard-7571035ce49a181d.svg" width="19" height="18" alt="Copy item path"></button></h1><span class="out-of-band"><a class="srclink" href="../src/gss/lib.rs.html#147-152">source</a> · <button id="toggle-all-docs" title="collapse all docs">[<span>&#x2212;</span>]</button></span></div><pre class="rust item-decl"><code>pub trait Golden: <a class="trait" href="https://doc.rust-lang.org/1.69.0/core/ops/arith/trait.Add.html" title="trait core::ops::arith::Add">Add</a>&lt;Output = Self&gt; + <a class="trait" href="https://doc.rust-lang.org/1.69.0/core/ops/arith/trait.Mul.html" title="trait core::ops::arith::Mul">Mul</a>&lt;Output = Self&gt; + <a class="trait" href="https://doc.rust-lang.org/1.69.0/core/ops/arith/trait.Div.html" title="trait core::ops::arith::Div">Div</a>&lt;Output = Self&gt; + <a class="trait" href="https://doc.rust-lang.org/1.69.0/core/fmt/trait.Debug.html" title="trait core::fmt::Debug">Debug</a> + <a class="trait" href="https://doc.rust-lang.org/1.69.0/core/cmp/trait.PartialOrd.html" title="trait core::cmp::PartialOrd">PartialOrd</a> + <a class="trait" href="https://doc.rust-lang.org/1.69.0/core/marker/trait.Copy.html" title="trait core::marker::Copy">Copy</a> {
    // Required method
    fn <a href="#tymethod.golden_sect" class="fn">golden_sect</a>(self, other: Self) -&gt; Self;
}</code></pre><details class="toggle top-doc" open><summary class="hideme"><span>Expand description</span></summary><div class="docblock"><p>黄金分割をする関数 <a href="trait.Golden.html#tymethod.golden_sect"><code>golden_sect</code></a>
を提供します。すべての整数型、浮動小数点型に実装されています。</p>
</div></details><h2 id="required-methods" class="small-section-header">Required Methods<a href="#required-methods" class="anchor">§</a></h2><div class="methods"><details class="toggle method-toggle" open><summary><section id="tymethod.golden_sect" class="method"><a class="srclink rightside" href="../src/gss/lib.rs.html#151">source</a><h4 class="code-header">fn <a href="#tymethod.golden_sect" class="fn">golden_sect</a>(self, other: Self) -&gt; Self</h4></section></summary><div class="docblock"><p><code>self</code> と <code>other</code> を φ:1 で内分します。整数の場合は近い方に丸めます。</p>
</div></details></div><h2 id="foreign-impls" class="small-section-header">Implementations on Foreign Types<a href="#foreign-impls" class="anchor">§</a></h2><details class="toggle implementors-toggle"><summary><section id="impl-Golden-for-u8" class="impl"><a class="srclink rightside" href="../src/gss/lib.rs.html#207-214">source</a><a href="#impl-Golden-for-u8" class="anchor">§</a><h3 class="code-header">impl <a class="trait" href="trait.Golden.html" title="trait gss::Golden">Golden</a> for <a class="primitive" href="https://doc.rust-lang.org/1.69.0/std/primitive.u8.html">u8</a></h3></section></summary><div class="impl-items"><section id="method.golden_sect" class="method trait-impl"><a class="srclink rightside" href="../src/gss/lib.rs.html#207-214">source</a><a href="#method.golden_sect" class="anchor">§</a><h4 class="code-header">fn <a href="#tymethod.golden_sect" class="fn">golden_sect</a>(self, other: Self) -&gt; Self</h4></section></div></details><details class="toggle implementors-toggle"><summary><section id="impl-Golden-for-i32" class="impl"><a class="srclink rightside" href="../src/gss/lib.rs.html#207-214">source</a><a href="#impl-Golden-for-i32" class="anchor">§</a><h3 class="code-header">impl <a class="trait" href="trait.Golden.html" title="trait gss::Golden">Golden</a> for <a class="primitive" href="https://doc.rust-lang.org/1.69.0/std/primitive.i32.html">i32</a></h3></section></summary><div class="impl-items"><section id="method.golden_sect-1" class="method trait-impl"><a class="srclink rightside" href="../src/gss/lib.rs.html#207-214">source</a><a href="#method.golden_sect-1" class="anchor">§</a><h4 class="code-header">fn <a href="#tymethod.golden_sect" class="fn">golden_sect</a>(self, other: Self) -&gt; Self</h4></section></div></details><details class="toggle implementors-toggle"><summary><section id="impl-Golden-for-u16" class="impl"><a class="srclink rightside" href="../src/gss/lib.rs.html#207-214">source</a><a href="#impl-Golden-for-u16" class="anchor">§</a><h3 class="code-header">impl <a class="trait" href="trait.Golden.html" title="trait gss::Golden">Golden</a> for <a class="primitive" href="https://doc.rust-lang.org/1.69.0/std/primitive.u16.html">u16</a></h3></section></summary><div class="impl-items"><section id="method.golden_sect-2" class="method trait-impl"><a class="srclink rightside" href="../src/gss/lib.rs.html#207-214">source</a><a href="#method.golden_sect-2" class="anchor">§</a><h4 class="code-header">fn <a href="#tymethod.golden_sect" class="fn">golden_sect</a>(self, other: Self) -&gt; Self</h4></section></div></details><details class="toggle implementors-toggle"><summary><section id="impl-Golden-for-f64" class="impl"><a class="srclink rightside" href="../src/gss/lib.rs.html#269">source</a><a href="#impl-Golden-for-f64" class="anchor">§</a><h3 class="code-header">impl <a class="trait" href="trait.Golden.html" title="trait gss::Golden">Golden</a> for <a class="primitive" href="https://doc.rust-lang.org/1.69.0/std/primitive.f64.html">f64</a></h3></section></summary><div class="impl-items"><section id="method.golden_sect-3" class="method trait-impl"><a class="srclink rightside" href="../src/gss/lib.rs.html#269">source</a><a href="#method.golden_sect-3" class="anchor">§</a><h4 class="code-header">fn <a href="#tymethod.golden_sect" class="fn">golden_sect</a>(self, other: Self) -&gt; Self</h4></section></div></details><details class="toggle implementors-toggle"><summary><section id="impl-Golden-for-u32" class="impl"><a class="srclink rightside" href="../src/gss/lib.rs.html#207-214">source</a><a href="#impl-Golden-for-u32" class="anchor">§</a><h3 class="code-header">impl <a class="trait" href="trait.Golden.html" title="trait gss::Golden">Golden</a> for <a class="primitive" href="https://doc.rust-lang.org/1.69.0/std/primitive.u32.html">u32</a></h3></section></summary><div class="impl-items"><section id="method.golden_sect-4" class="method trait-impl"><a class="srclink rightside" href="../src/gss/lib.rs.html#207-214">source</a><a href="#method.golden_sect-4" class="anchor">§</a><h4 class="code-header">fn <a href="#tymethod.golden_sect" class="fn">golden_sect</a>(self, other: Self) -&gt; Self</h4></section></div></details><details class="toggle implementors-toggle"><summary><section id="impl-Golden-for-i8" class="impl"><a class="srclink rightside" href="../src/gss/lib.rs.html#207-214">source</a><a href="#impl-Golden-for-i8" class="anchor">§</a><h3 class="code-header">impl <a class="trait" href="trait.Golden.html" title="trait gss::Golden">Golden</a> for <a class="primitive" href="https://doc.rust-lang.org/1.69.0/std/primitive.i8.html">i8</a></h3></section></summary><div class="impl-items"><section id="method.golden_sect-5" class="method trait-impl"><a class="srclink rightside" href="../src/gss/lib.rs.html#207-214">source</a><a href="#method.golden_sect-5" class="anchor">§</a><h4 class="code-header">fn <a href="#tymethod.golden_sect" class="fn">golden_sect</a>(self, other: Self) -&gt; Self</h4></section></div></details><details class="toggle implementors-toggle"><summary><section id="impl-Golden-for-usize" class="impl"><a class="srclink rightside" href="../src/gss/lib.rs.html#207-214">source</a><a href="#impl-Golden-for-usize" class="anchor">§</a><h3 class="code-header">impl <a class="trait" href="trait.Golden.html" title="trait gss::Golden">Golden</a> for <a class="primitive" href="https://doc.rust-lang.org/1.69.0/std/primitive.usize.html">usize</a></h3></section></summary><div class="impl-items"><section id="method.golden_sect-6" class="method trait-impl"><a class="srclink rightside" href="../src/gss/lib.rs.html#207-214">source</a><a href="#method.golden_sect-6" class="anchor">§</a><h4 class="code-header">fn <a href="#tymethod.golden_sect" class="fn">golden_sect</a>(self, other: Self) -&gt; Self</h4></section></div></details><details class="toggle implementors-toggle"><summary><section id="impl-Golden-for-u64" class="impl"><a class="srclink rightside" href="../src/gss/lib.rs.html#207-214">source</a><a href="#impl-Golden-for-u64" class="anchor">§</a><h3 class="code-header">impl <a class="trait" href="trait.Golden.html" title="trait gss::Golden">Golden</a> for <a class="primitive" href="https://doc.rust-lang.org/1.69.0/std/primitive.u64.html">u64</a></h3></section></summary><div class="impl-items"><section id="method.golden_sect-7" class="method trait-impl"><a class="srclink rightside" href="../src/gss/lib.rs.html#207-214">source</a><a href="#method.golden_sect-7" class="anchor">§</a><h4 class="code-header">fn <a href="#tymethod.golden_sect" class="fn">golden_sect</a>(self, other: Self) -&gt; Self</h4></section></div></details><details class="toggle implementors-toggle"><summary><section id="impl-Golden-for-f32" class="impl"><a class="srclink rightside" href="../src/gss/lib.rs.html#269">source</a><a href="#impl-Golden-for-f32" class="anchor">§</a><h3 class="code-header">impl <a class="trait" href="trait.Golden.html" title="trait gss::Golden">Golden</a> for <a class="primitive" href="https://doc.rust-lang.org/1.69.0/std/primitive.f32.html">f32</a></h3></section></summary><div class="impl-items"><section id="method.golden_sect-8" class="method trait-impl"><a class="srclink rightside" href="../src/gss/lib.rs.html#269">source</a><a href="#method.golden_sect-8" class="anchor">§</a><h4 class="code-header">fn <a href="#tymethod.golden_sect" class="fn">golden_sect</a>(self, other: Self) -&gt; Self</h4></section></div></details><details class="toggle implementors-toggle"><summary><section id="impl-Golden-for-i128" class="impl"><a class="srclink rightside" href="../src/gss/lib.rs.html#207-214">source</a><a href="#impl-Golden-for-i128" class="anchor">§</a><h3 class="code-header">impl <a class="trait" href="trait.Golden.html" title="trait gss::Golden">Golden</a> for <a class="primitive" href="https://doc.rust-lang.org/1.69.0/std/primitive.i128.html">i128</a></h3></section></summary><div class="impl-items"><section id="method.golden_sect-9" class="method trait-impl"><a class="srclink rightside" href="../src/gss/lib.rs.html#207-214">source</a><a href="#method.golden_sect-9" class="anchor">§</a><h4 class="code-header">fn <a href="#tymethod.golden_sect" class="fn">golden_sect</a>(self, other: Self) -&gt; Self</h4></section></div></details><details class="toggle implementors-toggle"><summary><section id="impl-Golden-for-u128" class="impl"><a class="srclink rightside" href="../src/gss/lib.rs.html#207-214">source</a><a href="#impl-Golden-for-u128" class="anchor">§</a><h3 class="code-header">impl <a class="trait" href="trait.Golden.html" title="trait gss::Golden">Golden</a> for <a class="primitive" href="https://doc.rust-lang.org/1.69.0/std/primitive.u128.html">u128</a></h3></section></summary><div class="impl-items"><section id="method.golden_sect-10" class="method trait-impl"><a class="srclink rightside" href="../src/gss/lib.rs.html#207-214">source</a><a href="#method.golden_sect-10" class="anchor">§</a><h4 class="code-header">fn <a href="#tymethod.golden_sect" class="fn">golden_sect</a>(self, other: Self) -&gt; Self</h4></section></div></details><details class="toggle implementors-toggle"><summary><section id="impl-Golden-for-i64" class="impl"><a class="srclink rightside" href="../src/gss/lib.rs.html#207-214">source</a><a href="#impl-Golden-for-i64" class="anchor">§</a><h3 class="code-header">impl <a class="trait" href="trait.Golden.html" title="trait gss::Golden">Golden</a> for <a class="primitive" href="https://doc.rust-lang.org/1.69.0/std/primitive.i64.html">i64</a></h3></section></summary><div class="impl-items"><section id="method.golden_sect-11" class="method trait-impl"><a class="srclink rightside" href="../src/gss/lib.rs.html#207-214">source</a><a href="#method.golden_sect-11" class="anchor">§</a><h4 class="code-header">fn <a href="#tymethod.golden_sect" class="fn">golden_sect</a>(self, other: Self) -&gt; Self</h4></section></div></details><details class="toggle implementors-toggle"><summary><section id="impl-Golden-for-i16" class="impl"><a class="srclink rightside" href="../src/gss/lib.rs.html#207-214">source</a><a href="#impl-Golden-for-i16" class="anchor">§</a><h3 class="code-header">impl <a class="trait" href="trait.Golden.html" title="trait gss::Golden">Golden</a> for <a class="primitive" href="https://doc.rust-lang.org/1.69.0/std/primitive.i16.html">i16</a></h3></section></summary><div class="impl-items"><section id="method.golden_sect-12" class="method trait-impl"><a class="srclink rightside" href="../src/gss/lib.rs.html#207-214">source</a><a href="#method.golden_sect-12" class="anchor">§</a><h4 class="code-header">fn <a href="#tymethod.golden_sect" class="fn">golden_sect</a>(self, other: Self) -&gt; Self</h4></section></div></details><details class="toggle implementors-toggle"><summary><section id="impl-Golden-for-isize" class="impl"><a class="srclink rightside" href="../src/gss/lib.rs.html#207-214">source</a><a href="#impl-Golden-for-isize" class="anchor">§</a><h3 class="code-header">impl <a class="trait" href="trait.Golden.html" title="trait gss::Golden">Golden</a> for <a class="primitive" href="https://doc.rust-lang.org/1.69.0/std/primitive.isize.html">isize</a></h3></section></summary><div class="impl-items"><section id="method.golden_sect-13" class="method trait-impl"><a class="srclink rightside" href="../src/gss/lib.rs.html#207-214">source</a><a href="#method.golden_sect-13" class="anchor">§</a><h4 class="code-header">fn <a href="#tymethod.golden_sect" class="fn">golden_sect</a>(self, other: Self) -&gt; Self</h4></section></div></details><h2 id="implementors" class="small-section-header">Implementors<a href="#implementors" class="anchor">§</a></h2><div id="implementors-list"></div><script src="../implementors/gss/trait.Golden.js" data-ignore-extern-crates="std" async></script></section></div></main><div id="rustdoc-vars" data-root-path="../" data-static-root-path="../static.files/" data-current-crate="gss" data-themes="" data-resource-suffix="" data-rustdoc-version="1.69.0 (84c898d65 2023-04-16)" data-search-js="search-8a59a8356673ec1f.js" data-settings-js="settings-f0c5c39777a9a2f6.js" data-settings-css="settings-0bcba95ff279c1db.css" ></div></body></html>